Copyright 1986-2021 Xilinx, Inc. All Rights Reserved.
------------------------------------------------------------------------------------
| Tool Version : Vivado v.2021.2 (win64) Build 3367213 Tue Oct 19 02:48:09 MDT 2021
| Date         : Fri Mar 25 17:41:35 2022
| Host         : DESKTOP-DOA running 64-bit major release  (build 9200)
| Command      : report_control_sets -verbose -file top_control_sets_placed.rpt
| Design       : top
| Device       : xc7a75t
------------------------------------------------------------------------------------

Control Set Information

Table of Contents
-----------------
1. Summary
2. Histogram
3. Flip-Flop Distribution
4. Detailed Control Set Information

1. Summary
----------

+----------------------------------------------------------+-------+
|                          Status                          | Count |
+----------------------------------------------------------+-------+
| Total control sets                                       |   108 |
|    Minimum number of control sets                        |   108 |
|    Addition due to synthesis replication                 |     0 |
|    Addition due to physical synthesis replication        |     0 |
| Unused register locations in slices containing registers |   278 |
+----------------------------------------------------------+-------+
* Control sets can be merged at opt_design using control_set_merge or merge_equivalent_drivers
** Run report_qor_suggestions for automated merging and remapping suggestions


2. Histogram
------------

+--------------------+-------+
|       Fanout       | Count |
+--------------------+-------+
| Total control sets |   108 |
| >= 0 to < 4        |     7 |
| >= 4 to < 6        |    20 |
| >= 6 to < 8        |     1 |
| >= 8 to < 10       |    19 |
| >= 10 to < 12      |     0 |
| >= 12 to < 14      |     1 |
| >= 14 to < 16      |     2 |
| >= 16              |    58 |
+--------------------+-------+
* Control sets can be remapped at either synth_design or opt_design


3. Flip-Flop Distribution
-------------------------

+--------------+-----------------------+------------------------+-----------------+--------------+
| Clock Enable | Synchronous Set/Reset | Asynchronous Set/Reset | Total Registers | Total Slices |
+--------------+-----------------------+------------------------+-----------------+--------------+
| No           | No                    | No                     |            2364 |          606 |
| No           | No                    | Yes                    |             328 |          132 |
| No           | Yes                   | No                     |            4307 |          971 |
| Yes          | No                    | No                     |               0 |            0 |
| Yes          | No                    | Yes                    |            2732 |          806 |
| Yes          | Yes                   | No                     |             111 |           32 |
+--------------+-----------------------+------------------------+-----------------+--------------+


4. Detailed Control Set Information
-----------------------------------

+--------------------------------------------------------------------+----------------------------------------------------------------------------------------------------------------------------------------------------------+---------------------------------------------------------------------------------------------------------------------------------------------------------------------------------------------------------------------------------------------------------------------------------------------------+------------------+----------------+--------------+
|                            Clock Signal                            |                                                                       Enable Signal                                                                      |                                                                                                                                          Set/Reset Signal                                                                                                                                         | Slice Load Count | Bel Load Count | Bels / Slice |
+--------------------------------------------------------------------+----------------------------------------------------------------------------------------------------------------------------------------------------------+---------------------------------------------------------------------------------------------------------------------------------------------------------------------------------------------------------------------------------------------------------------------------------------------------+------------------+----------------+--------------+
| ~u_Kalman_Filter_0/U_KALMAN_CALCULATE_0/u_cordic_arcsin_arccos_1/k |                                                                                                                                                          |                                                                                                                                                                                                                                                                                                   |                1 |              1 |         1.00 |
| ~u_Kalman_Filter_0/U_KALMAN_CALCULATE_0/u_cordic_arcsin_arccos_0/k |                                                                                                                                                          |                                                                                                                                                                                                                                                                                                   |                1 |              1 |         1.00 |
|  clkout_BUFG                                                       | u_I2C_master_0/u_i2c_master_logic_0/scl_r                                                                                                                | u_Kalman_Filter_0/U_KALMAN_CALCULATE_0/U_KALMAN_ITER_UNIT_0/U_KALMAN_FLOW_CTRL_0/rst_n                                                                                                                                                                                                            |                1 |              1 |         1.00 |
| ~clk_in_IBUF_BUFG                                                  |                                                                                                                                                          |                                                                                                                                                                                                                                                                                                   |                1 |              1 |         1.00 |
|  i2c_flag                                                          |                                                                                                                                                          | u_Kalman_Filter_0/U_KALMAN_CALCULATE_0/U_KALMAN_ITER_UNIT_0/U_KALMAN_FLOW_CTRL_0/rst_n                                                                                                                                                                                                            |                1 |              2 |         2.00 |
|  clk_in_IBUF_BUFG                                                  |                                                                                                                                                          | u_Kalman_Filter_0/U_KALMAN_CALCULATE_0/u_div_gen_1/U0/i_synth/i_nonzero_fract.i_synth/opt_high_radix.i_nonzero_fract.i_high_radix/i_fixed.i_fix_to_flt/i_fpo/FIX_TO_FLT_OP.SPD.OP/LZE/ENCODE[0].MUX_Z/OP_DEL/i_pipe/opt_has_pipe.first_q_reg[0]_0                                                 |                1 |              3 |         3.00 |
|  clk_in_IBUF_BUFG                                                  |                                                                                                                                                          | u_Kalman_Filter_0/U_KALMAN_CALCULATE_0/u_div_gen_0/U0/i_synth/i_nonzero_fract.i_synth/opt_high_radix.i_nonzero_fract.i_high_radix/i_fixed.i_fix_to_flt/i_fpo/FIX_TO_FLT_OP.SPD.OP/LZE/ENCODE[0].MUX_Z/OP_DEL/i_pipe/opt_has_pipe.first_q_reg[0]_0                                                 |                1 |              3 |         3.00 |
|  U_DATA_PACKING_0/state_next__0                                    |                                                                                                                                                          |                                                                                                                                                                                                                                                                                                   |                1 |              4 |         4.00 |
| ~u_keyboard_0/inst/u_clk_div_0/clk_ms                              | u_keyboard_0/inst/u_key_scan_0/key_data[11]_i_2_n_0                                                                                                      | u_keyboard_0/inst/u_key_scan_0/key_data[11]_i_1_n_0                                                                                                                                                                                                                                               |                1 |              4 |         4.00 |
|  clkout_BUFG                                                       | u_I2C_master_0/u_i2c_master_logic_0/cnt_reg_addr_2                                                                                                       | u_Kalman_Filter_0/U_KALMAN_CALCULATE_0/U_KALMAN_ITER_UNIT_0/U_KALMAN_FLOW_CTRL_0/rst_n                                                                                                                                                                                                            |                2 |              4 |         2.00 |
|  clkout_BUFG                                                       | u_I2C_master_0/u_i2c_master_logic_0/cnt_dev_addr_r_4                                                                                                     | u_Kalman_Filter_0/U_KALMAN_CALCULATE_0/U_KALMAN_ITER_UNIT_0/U_KALMAN_FLOW_CTRL_0/rst_n                                                                                                                                                                                                            |                1 |              4 |         4.00 |
|  clk_in_IBUF_BUFG                                                  |                                                                                                                                                          | u_Kalman_Filter_0/U_KALMAN_CALCULATE_0/u_div_gen_1/U0/i_synth/i_nonzero_fract.i_synth/opt_high_radix.i_nonzero_fract.i_high_radix/i_fixed.i_fix_to_flt/i_fpo/FIX_TO_FLT_OP.SPD.OP/LZE/ENCODE[0].MUX_Z/OP_DEL/i_pipe/first_q[1]                                                                    |                1 |              4 |         4.00 |
|  clkout_BUFG                                                       | u_I2C_master_0/u_i2c_master_logic_0/cnt_read_reg_data_5                                                                                                  | u_Kalman_Filter_0/U_KALMAN_CALCULATE_0/U_KALMAN_ITER_UNIT_0/U_KALMAN_FLOW_CTRL_0/rst_n                                                                                                                                                                                                            |                1 |              4 |         4.00 |
|  clkout_BUFG                                                       | u_I2C_master_0/u_i2c_master_logic_0/cnt_dev_addr_3                                                                                                       | u_Kalman_Filter_0/U_KALMAN_CALCULATE_0/U_KALMAN_ITER_UNIT_0/U_KALMAN_FLOW_CTRL_0/rst_n                                                                                                                                                                                                            |                1 |              4 |         4.00 |
|  clkout_BUFG                                                       | u_I2C_master_0/u_i2c_master_logic_0/cnt_write_reg_data_1                                                                                                 | u_Kalman_Filter_0/U_KALMAN_CALCULATE_0/U_KALMAN_ITER_UNIT_0/U_KALMAN_FLOW_CTRL_0/rst_n                                                                                                                                                                                                            |                2 |              4 |         2.00 |
|  i2c_flag                                                          |                                                                                                                                                          | u_Kalman_Ctrl_0/i2c_config_r_reg[0]_0                                                                                                                                                                                                                                                             |                1 |              4 |         4.00 |
|  clk_in_IBUF_BUFG                                                  |                                                                                                                                                          | u_Kalman_Filter_0/U_KALMAN_CALCULATE_0/U_KALMAN_ITER_UNIT_0/U_KALMAN_UPDATE_0/u_div_gen_3/U0/i_synth/i_nonzero_fract.i_synth/opt_high_radix.i_nonzero_fract.i_high_radix/i_fixed.i_fix_to_flt/i_fpo/FIX_TO_FLT_OP.SPD.OP/LZE/ENCODE[0].MUX_Z/OP_DEL/i_pipe/first_q[1]                             |                1 |              4 |         4.00 |
|  clk_in_IBUF_BUFG                                                  |                                                                                                                                                          | u_Kalman_Filter_0/U_KALMAN_CALCULATE_0/U_KALMAN_ITER_UNIT_0/U_KALMAN_UPDATE_0/u_div_gen_3/U0/i_synth/i_nonzero_fract.i_synth/opt_high_radix.i_nonzero_fract.i_high_radix/i_fixed.i_fix_to_flt/i_fpo/FIX_TO_FLT_OP.SPD.OP/LZE/ENCODE[0].MUX_Z/OP_DEL/i_pipe/opt_has_pipe.first_q_reg[0]_0          |                1 |              4 |         4.00 |
|  u_keyboard_0/inst/u_clk_div_0/clk_ms                              |                                                                                                                                                          | u_keyboard_0/inst/u_clk_div_0/rst_n_0                                                                                                                                                                                                                                                             |                3 |              4 |         1.33 |
|  clk_in_IBUF_BUFG                                                  |                                                                                                                                                          | u_Kalman_Filter_0/U_KALMAN_CALCULATE_0/U_KALMAN_ITER_UNIT_0/U_KALMAN_UPDATE_0/u_div_gen_2/U0/i_synth/i_nonzero_fract.i_synth/opt_high_radix.i_nonzero_fract.i_high_radix/i_fixed.i_fix_to_flt/i_fpo/FIX_TO_FLT_OP.SPD.OP/LZE/ENCODE[0].MUX_Z/OP_DEL/i_pipe/opt_has_pipe.first_q_reg[0]_0          |                1 |              4 |         4.00 |
|  clk_in_IBUF_BUFG                                                  |                                                                                                                                                          | u_Kalman_Filter_0/U_KALMAN_CALCULATE_0/U_KALMAN_ITER_UNIT_0/U_KALMAN_UPDATE_0/u_div_gen_2/U0/i_synth/i_nonzero_fract.i_synth/opt_high_radix.i_nonzero_fract.i_high_radix/i_fixed.i_fix_to_flt/i_fpo/FIX_TO_FLT_OP.SPD.OP/LZE/ENCODE[0].MUX_Z/OP_DEL/i_pipe/first_q[1]                             |                1 |              4 |         4.00 |
| ~u_keyboard_0/inst/u_clk_div_0/clk_ms                              | u_keyboard_0/inst/u_key_scan_0/key_data[7]_i_2_n_0                                                                                                       | u_keyboard_0/inst/u_key_scan_0/key_data[7]_i_1_n_0                                                                                                                                                                                                                                                |                1 |              4 |         4.00 |
|  clk_in_IBUF_BUFG                                                  | U_UART_WITH_FIFO_0/u_uart_tx_0/U_BAUD_GEN_0/state_current_reg[0][0]                                                                                      | u_Kalman_Filter_0/U_KALMAN_CALCULATE_0/U_KALMAN_ITER_UNIT_0/U_KALMAN_FLOW_CTRL_0/rst_n                                                                                                                                                                                                            |                1 |              4 |         4.00 |
|  clk_in_IBUF_BUFG                                                  | U_DATA_PACKING_0/byte_cnt[3]_i_1_n_0                                                                                                                     | u_Kalman_Filter_0/U_KALMAN_CALCULATE_0/U_KALMAN_ITER_UNIT_0/U_KALMAN_FLOW_CTRL_0/rst_n                                                                                                                                                                                                            |                1 |              4 |         4.00 |
|  clk_in_IBUF_BUFG                                                  |                                                                                                                                                          | u_Kalman_Filter_0/U_KALMAN_CALCULATE_0/u_div_gen_0/U0/i_synth/i_nonzero_fract.i_synth/opt_high_radix.i_nonzero_fract.i_high_radix/i_fixed.i_fix_to_flt/i_fpo/FIX_TO_FLT_OP.SPD.OP/LZE/ENCODE[0].MUX_Z/OP_DEL/i_pipe/first_q[1]                                                                    |                1 |              4 |         4.00 |
| ~u_keyboard_0/inst/u_clk_div_0/clk_ms                              | u_keyboard_0/inst/u_key_scan_0/key_data[3]_i_2_n_0                                                                                                       | u_keyboard_0/inst/u_key_scan_0/key_data[3]_i_1_n_0                                                                                                                                                                                                                                                |                1 |              4 |         4.00 |
| ~u_keyboard_0/inst/u_clk_div_0/clk_ms                              | u_keyboard_0/inst/u_key_scan_0/key_data[15]_i_2_n_0                                                                                                      | u_keyboard_0/inst/u_key_scan_0/key_data[15]_i_1_n_0                                                                                                                                                                                                                                               |                2 |              4 |         2.00 |
|  clk_in_IBUF_BUFG                                                  | u_keyboard_0/inst/u_clk_div_0/end_cnt0                                                                                                                   | u_keyboard_0/inst/u_clk_div_0/rst_n_0                                                                                                                                                                                                                                                             |                2 |              6 |         3.00 |
|  clkout_BUFG                                                       |                                                                                                                                                          |                                                                                                                                                                                                                                                                                                   |                2 |              8 |         4.00 |
|  clk_in_IBUF_BUFG                                                  | U_UART_WITH_FIFO_0/u_fifo_sync_0_tx/U0/inst_fifo_gen/gconvfifo.rf/grf.rf/gntv_or_sync_fifo.gl0.rd/gr1.gr1_int.rfwft/gpregsm1.curr_fwft_state_reg[1]_0[0] | U_UART_WITH_FIFO_0/u_fifo_sync_0_tx/U0/inst_fifo_gen/gconvfifo.rf/grf.rf/rstblk/ngwrdrst.grst.g7serrst.gsckt_wrst.gcc_rst.sckt_wr_rst_cc_reg[0]_0                                                                                                                                                 |                2 |              8 |         4.00 |
|  clkout_BUFG                                                       | u_I2C_master_0/u_i2c_master_logic_0/cnt_data_num_0                                                                                                       | u_Kalman_Filter_0/U_KALMAN_CALCULATE_0/U_KALMAN_ITER_UNIT_0/U_KALMAN_FLOW_CTRL_0/rst_n                                                                                                                                                                                                            |                3 |              8 |         2.67 |
|  i2c_flag                                                          | u_I2C_master_0/acc_x_l[7]_i_1_n_0                                                                                                                        | u_Kalman_Ctrl_0/i2c_config_r_reg[0]_0                                                                                                                                                                                                                                                             |                1 |              8 |         8.00 |
|  i2c_flag                                                          | u_I2C_master_0/acc_x_h[7]_i_1_n_0                                                                                                                        | u_Kalman_Ctrl_0/i2c_config_r_reg[0]_0                                                                                                                                                                                                                                                             |                1 |              8 |         8.00 |
|  i2c_flag                                                          | u_I2C_master_0/acc_y_h[7]_i_1_n_0                                                                                                                        | u_Kalman_Ctrl_0/i2c_config_r_reg[0]_0                                                                                                                                                                                                                                                             |                1 |              8 |         8.00 |
|  i2c_flag                                                          | u_I2C_master_0/acc_z_h[7]_i_1_n_0                                                                                                                        | u_Kalman_Ctrl_0/i2c_config_r_reg[0]_0                                                                                                                                                                                                                                                             |                1 |              8 |         8.00 |
|  i2c_flag                                                          | u_I2C_master_0/acc_y_l[7]_i_1_n_0                                                                                                                        | u_Kalman_Ctrl_0/i2c_config_r_reg[0]_0                                                                                                                                                                                                                                                             |                2 |              8 |         4.00 |
|  i2c_flag                                                          | u_I2C_master_0/acc_z_l[7]_i_1_n_0                                                                                                                        | u_Kalman_Ctrl_0/i2c_config_r_reg[0]_0                                                                                                                                                                                                                                                             |                1 |              8 |         8.00 |
|  i2c_flag                                                          | u_I2C_master_0/gyro_x_h[7]_i_1_n_0                                                                                                                       | u_Kalman_Ctrl_0/i2c_config_r_reg[0]_0                                                                                                                                                                                                                                                             |                1 |              8 |         8.00 |
|  i2c_flag                                                          | u_I2C_master_0/gyro_x_l[7]_i_1_n_0                                                                                                                       | u_Kalman_Ctrl_0/i2c_config_r_reg[0]_0                                                                                                                                                                                                                                                             |                1 |              8 |         8.00 |
|  i2c_flag                                                          | u_I2C_master_0/gyro_y_h[7]_i_1_n_0                                                                                                                       | u_Kalman_Ctrl_0/i2c_config_r_reg[0]_0                                                                                                                                                                                                                                                             |                3 |              8 |         2.67 |
|  i2c_flag                                                          | u_I2C_master_0/gyro_y_l[7]_i_1_n_0                                                                                                                       | u_Kalman_Ctrl_0/i2c_config_r_reg[0]_0                                                                                                                                                                                                                                                             |                1 |              8 |         8.00 |
|  clk_in_IBUF_BUFG                                                  | u_Kalman_Filter_0/U_KALMAN_CALCULATE_0/u_cordic_arcsin_arccos_1/I30                                                                                      | u_Kalman_Filter_0/U_KALMAN_CALCULATE_0/U_KALMAN_ITER_UNIT_0/U_KALMAN_FLOW_CTRL_0/rst_n                                                                                                                                                                                                            |                4 |              8 |         2.00 |
|  clk_in_IBUF_BUFG                                                  | u_Kalman_Filter_0/U_KALMAN_CALCULATE_0/u_cordic_arcsin_arccos_0/I30                                                                                      | u_Kalman_Filter_0/U_KALMAN_CALCULATE_0/U_KALMAN_ITER_UNIT_0/U_KALMAN_FLOW_CTRL_0/rst_n                                                                                                                                                                                                            |                3 |              8 |         2.67 |
|  clk_in_IBUF_BUFG                                                  | U_DATA_PACKING_0/check_sum2                                                                                                                              | u_Kalman_Filter_0/U_KALMAN_CALCULATE_0/U_KALMAN_ITER_UNIT_0/U_KALMAN_FLOW_CTRL_0/rst_n                                                                                                                                                                                                            |                4 |              8 |         2.00 |
|  clk_in_IBUF_BUFG                                                  | U_DATA_PACKING_0/check_sum1[7]_i_1_n_0                                                                                                                   | u_Kalman_Filter_0/U_KALMAN_CALCULATE_0/U_KALMAN_ITER_UNIT_0/U_KALMAN_FLOW_CTRL_0/rst_n                                                                                                                                                                                                            |                4 |              8 |         2.00 |
|  clk_in_IBUF_BUFG                                                  | U_DATA_PACKING_0/frame_data_out[7]_i_1_n_0                                                                                                               | u_Kalman_Filter_0/U_KALMAN_CALCULATE_0/U_KALMAN_ITER_UNIT_0/U_KALMAN_FLOW_CTRL_0/rst_n                                                                                                                                                                                                            |                3 |              8 |         2.67 |
|  clk_in_IBUF_BUFG                                                  | U_UART_WITH_FIFO_0/u_uart_tx_0/U_BAUD_GEN_0/E[0]                                                                                                         | u_Kalman_Filter_0/U_KALMAN_CALCULATE_0/U_KALMAN_ITER_UNIT_0/U_KALMAN_FLOW_CTRL_0/rst_n                                                                                                                                                                                                            |                1 |              8 |         8.00 |
|  clk_in_IBUF_BUFG                                                  |                                                                                                                                                          | U_UART_WITH_FIFO_0/u_fifo_sync_0_tx/U0/inst_fifo_gen/gconvfifo.rf/grf.rf/rstblk/ngwrdrst.grst.g7serrst.gsckt_wrst.gcc_rst.sckt_wr_rst_cc_reg[0]_0                                                                                                                                                 |                4 |             13 |         3.25 |
|  clk_in_IBUF_BUFG                                                  |                                                                                                                                                          | u_Kalman_Filter_0/U_KALMAN_CALCULATE_0/u_div_gen_0/U0/i_synth/i_nonzero_fract.i_synth/opt_high_radix.i_nonzero_fract.i_high_radix/i_fixed.i_fix_to_flt/i_fpo/FIX_TO_FLT_OP.SPD.OP/NORM_SHIFT/MUX_LOOP[0].DEL_SHIFT/i_pipe/opt_has_pipe.first_q[32]_i_1_n_0                                        |                2 |             15 |         7.50 |
|  clk_in_IBUF_BUFG                                                  |                                                                                                                                                          | u_Kalman_Filter_0/U_KALMAN_CALCULATE_0/u_div_gen_1/U0/i_synth/i_nonzero_fract.i_synth/opt_high_radix.i_nonzero_fract.i_high_radix/i_fixed.i_fix_to_flt/i_fpo/FIX_TO_FLT_OP.SPD.OP/NORM_SHIFT/MUX_LOOP[0].DEL_SHIFT/i_pipe/opt_has_pipe.first_q[32]_i_1_n_0                                        |                2 |             15 |         7.50 |
|  clk_in_IBUF_BUFG                                                  |                                                                                                                                                          | u_Kalman_Filter_0/U_KALMAN_CALCULATE_0/U_KALMAN_ITER_UNIT_0/U_KALMAN_UPDATE_0/u_div_gen_2/U0/i_synth/i_nonzero_fract.i_synth/opt_high_radix.i_nonzero_fract.i_high_radix/i_fixed.i_fix_to_flt/i_fpo/FIX_TO_FLT_OP.SPD.OP/NORM_SHIFT/MUX_LOOP[0].DEL_SHIFT/i_pipe/opt_has_pipe.first_q[32]_i_1_n_0 |                3 |             16 |         5.33 |
|  clk_in_IBUF_BUFG                                                  | U_DATA_PACKING_0/U_DATA_CONVERT_0/state_current_reg[0][0]                                                                                                | u_Kalman_Filter_0/U_KALMAN_CALCULATE_0/U_KALMAN_ITER_UNIT_0/U_KALMAN_FLOW_CTRL_0/rst_n                                                                                                                                                                                                            |                8 |             16 |         2.00 |
|  clk_in_IBUF_BUFG                                                  |                                                                                                                                                          | u_Kalman_Filter_0/U_KALMAN_CALCULATE_0/U_KALMAN_ITER_UNIT_0/U_KALMAN_UPDATE_0/u_div_gen_3/U0/i_synth/i_nonzero_fract.i_synth/opt_high_radix.i_nonzero_fract.i_high_radix/i_fixed.i_fix_to_flt/i_fpo/FIX_TO_FLT_OP.SPD.OP/NORM_SHIFT/MUX_LOOP[0].DEL_SHIFT/i_pipe/opt_has_pipe.first_q[32]_i_1_n_0 |                3 |             16 |         5.33 |
|  clk_in_IBUF_BUFG                                                  | U_DATA_PACKING_0/U_DATA_CONVERT_0/E[0]                                                                                                                   | u_Kalman_Filter_0/U_KALMAN_CALCULATE_0/U_KALMAN_ITER_UNIT_0/U_KALMAN_FLOW_CTRL_0/rst_n                                                                                                                                                                                                            |                4 |             16 |         4.00 |
|  clk_in_IBUF_BUFG                                                  | u_Kalman_Filter_0/U_KALMAN_CALCULATE_0/u_square_root_0/U0/i_synth/i_synth/gen_sqrt.square_root/gen_rdy_int/E[0]                                          | u_Kalman_Filter_0/U_KALMAN_CALCULATE_0/u_square_root_0/U0/i_synth/i_has_aresetn.i_reg_reset/first_q                                                                                                                                                                                               |                6 |             17 |         2.83 |
|  clk_in_IBUF_BUFG                                                  | u_Kalman_Filter_0/U_KALMAN_CALCULATE_0/u_square_root_1/U0/i_synth/i_synth/gen_sqrt.square_root/gen_rdy_int/E[0]                                          | u_Kalman_Filter_0/U_KALMAN_CALCULATE_0/u_square_root_1/U0/i_synth/i_has_aresetn.i_reg_reset/first_q                                                                                                                                                                                               |                6 |             17 |         2.83 |
|  clk_in_IBUF_BUFG                                                  | u_Kalman_Filter_0/U_KALMAN_CALCULATE_0/u_square_root_2/U0/i_synth/i_synth/gen_sqrt.square_root/gen_rdy_int/E[0]                                          | u_Kalman_Filter_0/U_KALMAN_CALCULATE_0/u_square_root_2/U0/i_synth/i_has_aresetn.i_reg_reset/first_q                                                                                                                                                                                               |                7 |             17 |         2.43 |
|  clk_in_IBUF_BUFG                                                  | U_UART_WITH_FIFO_0/u_fifo_sync_0_tx/U0/inst_fifo_gen/gconvfifo.rf/grf.rf/gntv_or_sync_fifo.gl0.wr/gwss.wsts/wr_en_0[0]                                   | U_UART_WITH_FIFO_0/u_fifo_sync_0_tx/U0/inst_fifo_gen/gconvfifo.rf/grf.rf/rstblk/ngwrdrst.grst.g7serrst.gsckt_wrst.gcc_rst.sckt_wr_rst_cc_reg[0]_0                                                                                                                                                 |                3 |             18 |         6.00 |
|  clk_in_IBUF_BUFG                                                  | U_UART_WITH_FIFO_0/u_fifo_sync_0_tx/U0/inst_fifo_gen/gconvfifo.rf/grf.rf/gntv_or_sync_fifo.gl0.rd/gr1.gr1_int.rfwft/E[0]                                 | U_UART_WITH_FIFO_0/u_fifo_sync_0_tx/U0/inst_fifo_gen/gconvfifo.rf/grf.rf/rstblk/ngwrdrst.grst.g7serrst.gsckt_wrst.gcc_rst.sckt_wr_rst_cc_reg[0]_0                                                                                                                                                 |                3 |             18 |         6.00 |
|  clk_in_IBUF_BUFG                                                  |                                                                                                                                                          | u_dynamic_digital_0/inst/cnt1[2]_i_2_n_0                                                                                                                                                                                                                                                          |                5 |             19 |         3.80 |
|  clk_in_IBUF_BUFG                                                  | u_Kalman_Filter_0/U_KALMAN_CALCULATE_0/U_KALMAN_ITER_UNIT_0/U_KALMAN_FLOW_CTRL_0/roll_opt_vld_reg_0                                                      | u_Kalman_Filter_0/U_KALMAN_CALCULATE_0/U_KALMAN_ITER_UNIT_0/U_KALMAN_FLOW_CTRL_0/rst_n                                                                                                                                                                                                            |                4 |             24 |         6.00 |
|  clk_in_IBUF_BUFG                                                  | u_Kalman_Filter_0/U_KALMAN_CALCULATE_0/u_cordic_arcsin_arccos_1/angle[31]_i_1__0_n_0                                                                     | u_Kalman_Filter_0/U_KALMAN_CALCULATE_0/U_KALMAN_ITER_UNIT_0/U_KALMAN_FLOW_CTRL_0/rst_n                                                                                                                                                                                                            |                7 |             26 |         3.71 |
|  clk_in_IBUF_BUFG                                                  | u_Kalman_Filter_0/U_KALMAN_CALCULATE_0/U_KALMAN_ITER_UNIT_0/U_KALMAN_FLOW_CTRL_0/new_angle[31]_i_1_n_0                                                   | u_Kalman_Filter_0/U_KALMAN_CALCULATE_0/U_KALMAN_ITER_UNIT_0/U_KALMAN_FLOW_CTRL_0/rst_n                                                                                                                                                                                                            |                5 |             26 |         5.20 |
|  clk_in_IBUF_BUFG                                                  | u_Kalman_Filter_0/U_KALMAN_CALCULATE_0/u_cordic_arcsin_arccos_0/angle[31]_i_1_n_0                                                                        | u_Kalman_Filter_0/U_KALMAN_CALCULATE_0/U_KALMAN_ITER_UNIT_0/U_KALMAN_FLOW_CTRL_0/rst_n                                                                                                                                                                                                            |                7 |             26 |         3.71 |
|  clk_in_IBUF_BUFG                                                  | u_Kalman_Filter_0/U_KALMAN_CALCULATE_0/U_KALMAN_ITER_UNIT_0/U_KALMAN_FLOW_CTRL_0/gyro[31]_i_1_n_0                                                        | u_Kalman_Filter_0/U_KALMAN_CALCULATE_0/U_KALMAN_ITER_UNIT_0/U_KALMAN_FLOW_CTRL_0/rst_n                                                                                                                                                                                                            |                7 |             32 |         4.57 |
|  clk_in_IBUF_BUFG                                                  | u_Kalman_Filter_0/U_KALMAN_CALCULATE_0/U_KALMAN_ITER_UNIT_0/U_KALMAN_FLOW_CTRL_0/cnt_reg[0][0]                                                           | u_Kalman_Filter_0/U_KALMAN_CALCULATE_0/U_KALMAN_ITER_UNIT_0/U_KALMAN_FLOW_CTRL_0/rst_n                                                                                                                                                                                                            |                7 |             32 |         4.57 |
|  clk_in_IBUF_BUFG                                                  |                                                                                                                                                          | u_Kalman_Filter_0/U_KALMAN_CALCULATE_0/U_KALMAN_ITER_UNIT_0/U_KALMAN_UPDATE_0/u_div_gen_3/U0/i_synth/i_nonzero_fract.i_synth/opt_high_radix.i_nonzero_fract.i_high_radix/i_fixed.i_fix_to_flt/i_fpo/FIX_TO_FLT_OP.SPD.OP/EXP/ZERO_DELAY/i_pipe/op_state[0]                                        |                9 |             32 |         3.56 |
|  clk_in_IBUF_BUFG                                                  |                                                                                                                                                          | u_Kalman_Filter_0/U_KALMAN_CALCULATE_0/U_KALMAN_ITER_UNIT_0/U_KALMAN_UPDATE_0/u_div_gen_2/U0/i_synth/i_nonzero_fract.i_synth/opt_high_radix.i_nonzero_fract.i_high_radix/i_fixed.i_fix_to_flt/i_fpo/FIX_TO_FLT_OP.SPD.OP/EXP/ZERO_DELAY/i_pipe/op_state[0]                                        |                8 |             32 |         4.00 |
|  clk_in_IBUF_BUFG                                                  | u_Kalman_Filter_0/U_KALMAN_CALCULATE_0/U_KALMAN_ITER_UNIT_0/U_KALMAN_UPDATE_0/update_done                                                                | u_Kalman_Filter_0/U_KALMAN_CALCULATE_0/U_KALMAN_ITER_UNIT_0/U_KALMAN_FLOW_CTRL_0/rst_n                                                                                                                                                                                                            |               10 |             32 |         3.20 |
|  clk_in_IBUF_BUFG                                                  | u_Kalman_Filter_0/U_KALMAN_CALCULATE_0/u_cordic_arcsin_arccos_0/g[31]_i_1_n_0                                                                            | u_Kalman_Filter_0/U_KALMAN_CALCULATE_0/U_KALMAN_ITER_UNIT_0/U_KALMAN_FLOW_CTRL_0/rst_n                                                                                                                                                                                                            |               14 |             32 |         2.29 |
|  clk_in_IBUF_BUFG                                                  | u_Kalman_Filter_0/U_KALMAN_CALCULATE_0/gyro_y_rect_fp[31]_i_1_n_0                                                                                        | u_Kalman_Filter_0/U_KALMAN_CALCULATE_0/U_KALMAN_ITER_UNIT_0/U_KALMAN_FLOW_CTRL_0/rst_n                                                                                                                                                                                                            |               15 |             32 |         2.13 |
|  clk_in_IBUF_BUFG                                                  | u_Kalman_Filter_0/U_KALMAN_CALCULATE_0/u_cordic_arcsin_arccos_1/g[31]_i_1__0_n_0                                                                         | u_Kalman_Filter_0/U_KALMAN_CALCULATE_0/U_KALMAN_ITER_UNIT_0/U_KALMAN_FLOW_CTRL_0/rst_n                                                                                                                                                                                                            |               20 |             32 |         1.60 |
|  clk_in_IBUF_BUFG                                                  | u_Kalman_Filter_0/U_KALMAN_CALCULATE_0/U_KALMAN_ITER_UNIT_0/U_KALMAN_FLOW_CTRL_0/gyro_x_bias_fp[31]_i_1_n_0                                              | u_Kalman_Filter_0/U_KALMAN_CALCULATE_0/U_KALMAN_ITER_UNIT_0/U_KALMAN_FLOW_CTRL_0/rst_n                                                                                                                                                                                                            |               13 |             32 |         2.46 |
|  clk_in_IBUF_BUFG                                                  |                                                                                                                                                          | u_Kalman_Filter_0/U_KALMAN_CALCULATE_0/u_div_gen_0/U0/i_synth/i_nonzero_fract.i_synth/opt_high_radix.i_nonzero_fract.i_high_radix/i_fixed.i_fix_to_flt/i_fpo/FIX_TO_FLT_OP.SPD.OP/EXP/ZERO_DELAY/i_pipe/op_state[0]                                                                               |                9 |             32 |         3.56 |
|  clk_in_IBUF_BUFG                                                  | u_Kalman_Filter_0/U_KALMAN_CALCULATE_0/U_KALMAN_ITER_UNIT_0/U_KALMAN_FLOW_CTRL_0/pitch_bias_t[31]_i_1_n_0                                                | u_Kalman_Filter_0/U_KALMAN_CALCULATE_0/U_KALMAN_ITER_UNIT_0/U_KALMAN_FLOW_CTRL_0/rst_n                                                                                                                                                                                                            |                6 |             32 |         5.33 |
| ~clk_in_IBUF_BUFG                                                  |                                                                                                                                                          | u_Kalman_Filter_0/U_KALMAN_CALCULATE_0/U_KALMAN_ITER_UNIT_0/U_KALMAN_FLOW_CTRL_0/rst_n                                                                                                                                                                                                            |                8 |             32 |         4.00 |
|  u_keyboard_0/inst/u_clk_div_0/CLK_BUFG                            |                                                                                                                                                          |                                                                                                                                                                                                                                                                                                   |                8 |             32 |         4.00 |
|  clk_in_IBUF_BUFG                                                  | u_Kalman_Filter_0/U_KALMAN_CALCULATE_0/U_KALMAN_ITER_UNIT_0/U_KALMAN_FLOW_CTRL_0/roll_bias_t[31]_i_1_n_0                                                 | u_Kalman_Filter_0/U_KALMAN_CALCULATE_0/U_KALMAN_ITER_UNIT_0/U_KALMAN_FLOW_CTRL_0/rst_n                                                                                                                                                                                                            |                7 |             32 |         4.57 |
|  clk_in_IBUF_BUFG                                                  |                                                                                                                                                          | u_Kalman_Filter_0/U_KALMAN_CALCULATE_0/u_div_gen_1/U0/i_synth/i_nonzero_fract.i_synth/opt_high_radix.i_nonzero_fract.i_high_radix/i_fixed.i_fix_to_flt/i_fpo/FIX_TO_FLT_OP.SPD.OP/EXP/ZERO_DELAY/i_pipe/op_state[0]                                                                               |                6 |             32 |         5.33 |
|  clk_in_IBUF_BUFG                                                  |                                                                                                                                                          | u_keyboard_0/inst/u_clk_div_0/rst_n_0                                                                                                                                                                                                                                                             |               12 |             33 |         2.75 |
|  clkout_BUFG                                                       |                                                                                                                                                          | u_Kalman_Filter_0/U_KALMAN_CALCULATE_0/U_KALMAN_ITER_UNIT_0/U_KALMAN_FLOW_CTRL_0/rst_n                                                                                                                                                                                                            |               22 |             39 |         1.77 |
|  clk_in_IBUF_BUFG                                                  | u_Kalman_Filter_0/U_KALMAN_CALCULATE_0/u_cordic_arcsin_arccos_0/E[0]                                                                                     | u_Kalman_Filter_0/U_KALMAN_CALCULATE_0/U_KALMAN_ITER_UNIT_0/U_KALMAN_FLOW_CTRL_0/rst_n                                                                                                                                                                                                            |               14 |             52 |         3.71 |
|  clk_in_IBUF_BUFG                                                  | u_Kalman_Filter_0/U_KALMAN_CALCULATE_0/u_cordic_arcsin_arccos_0/y                                                                                        | u_Kalman_Filter_0/U_KALMAN_CALCULATE_0/U_KALMAN_ITER_UNIT_0/U_KALMAN_FLOW_CTRL_0/rst_n                                                                                                                                                                                                            |               17 |             64 |         3.76 |
|  clk_in_IBUF_BUFG                                                  | u_Kalman_Filter_0/U_KALMAN_CALCULATE_0/u_cordic_arcsin_arccos_1/y                                                                                        | u_Kalman_Filter_0/U_KALMAN_CALCULATE_0/U_KALMAN_ITER_UNIT_0/U_KALMAN_FLOW_CTRL_0/rst_n                                                                                                                                                                                                            |               15 |             64 |         4.27 |
|  clk_in_IBUF_BUFG                                                  | u_Kalman_Filter_0/U_KALMAN_CALCULATE_0/U_KALMAN_ITER_UNIT_0/U_KALMAN_UPDATE_0/u_div_gen_2/U0/i_synth/i_nd_to_rdy/m_axis_dout_tvalid                      | u_Kalman_Filter_0/U_KALMAN_CALCULATE_0/U_KALMAN_ITER_UNIT_0/U_KALMAN_FLOW_CTRL_0/rst_n                                                                                                                                                                                                            |               22 |             64 |         2.91 |
|  clk_in_IBUF_BUFG                                                  |                                                                                                                                                          | u_Kalman_Filter_0/U_KALMAN_CALCULATE_0/u_square_root_2/U0/i_synth/i_has_aresetn.i_reg_reset/first_q                                                                                                                                                                                               |               18 |             65 |         3.61 |
|  clk_in_IBUF_BUFG                                                  |                                                                                                                                                          | u_Kalman_Filter_0/U_KALMAN_CALCULATE_0/u_square_root_1/U0/i_synth/i_has_aresetn.i_reg_reset/first_q                                                                                                                                                                                               |               18 |             65 |         3.61 |
|  clk_in_IBUF_BUFG                                                  |                                                                                                                                                          | u_Kalman_Filter_0/U_KALMAN_CALCULATE_0/u_square_root_0/U0/i_synth/i_has_aresetn.i_reg_reset/first_q                                                                                                                                                                                               |               22 |             66 |         3.00 |
|  clk_in_IBUF_BUFG                                                  | u_Kalman_Filter_0/U_KALMAN_CALCULATE_0/U_KALMAN_ITER_UNIT_0/U_KALMAN_FORECAST_0/angle_temp_0                                                             | u_Kalman_Filter_0/U_KALMAN_CALCULATE_0/U_KALMAN_ITER_UNIT_0/U_KALMAN_FLOW_CTRL_0/rst_n                                                                                                                                                                                                            |               21 |             69 |         3.29 |
|  clk_in_IBUF_BUFG                                                  | u_Kalman_Filter_0/u_Kalman_Calibration_0/E[0]                                                                                                            | u_Kalman_Filter_0/U_KALMAN_CALCULATE_0/U_KALMAN_ITER_UNIT_0/U_KALMAN_FLOW_CTRL_0/rst_n                                                                                                                                                                                                            |               20 |             80 |         4.00 |
|  clk_in_IBUF_BUFG                                                  | u_Kalman_Filter_0/U_KALMAN_CALCULATE_0/gyro_fp_rdy_reg_n_0                                                                                               | u_Kalman_Filter_0/U_KALMAN_CALCULATE_0/U_KALMAN_ITER_UNIT_0/U_KALMAN_FLOW_CTRL_0/rst_n                                                                                                                                                                                                            |               24 |             84 |         3.50 |
|  clk_in_IBUF_BUFG                                                  | u_Kalman_Filter_0/U_KALMAN_CALCULATE_0/calc_g_en_reg_0[0]                                                                                                | u_Kalman_Filter_0/U_KALMAN_CALCULATE_0/U_KALMAN_ITER_UNIT_0/U_KALMAN_FLOW_CTRL_0/rst_n                                                                                                                                                                                                            |               25 |             98 |         3.92 |
|  clk_in_IBUF_BUFG                                                  | u_Kalman_Filter_0/U_KALMAN_CALCULATE_0/gyro_x_fp_temp                                                                                                    | u_Kalman_Filter_0/U_KALMAN_CALCULATE_0/U_KALMAN_ITER_UNIT_0/U_KALMAN_FLOW_CTRL_0/rst_n                                                                                                                                                                                                            |               60 |            100 |         1.67 |
|  clk_in_IBUF_BUFG                                                  | u_Kalman_Filter_0/U_KALMAN_CALCULATE_0/U_KALMAN_ITER_UNIT_0/U_KALMAN_FLOW_CTRL_0/gyro_x_bias_fp_temp                                                     | u_Kalman_Filter_0/U_KALMAN_CALCULATE_0/U_KALMAN_ITER_UNIT_0/U_KALMAN_FLOW_CTRL_0/rst_n                                                                                                                                                                                                            |               61 |            100 |         1.64 |
|  clk_in_IBUF_BUFG                                                  | u_Kalman_Filter_0/U_KALMAN_CALCULATE_0/U_KALMAN_ITER_UNIT_0/U_KALMAN_UPDATE_0/E[0]                                                                       | u_Kalman_Filter_0/U_KALMAN_CALCULATE_0/U_KALMAN_ITER_UNIT_0/U_KALMAN_FLOW_CTRL_0/rst_n                                                                                                                                                                                                            |               35 |            110 |         3.14 |
|  clk_in_IBUF_BUFG                                                  | u_edge_detect_0/p_0_in                                                                                                                                   | u_Kalman_Filter_0/U_KALMAN_CALCULATE_0/U_KALMAN_ITER_UNIT_0/U_KALMAN_FLOW_CTRL_0/rst_n                                                                                                                                                                                                            |               38 |            140 |         3.68 |
|  clk_in_IBUF_BUFG                                                  | u_Kalman_Filter_0/U_KALMAN_CALCULATE_0/U_KALMAN_ITER_UNIT_0/U_KALMAN_FLOW_CTRL_0/pitch_angle_t[31]_i_1_n_0                                               | u_Kalman_Filter_0/U_KALMAN_CALCULATE_0/U_KALMAN_ITER_UNIT_0/U_KALMAN_FLOW_CTRL_0/rst_n                                                                                                                                                                                                            |               41 |            160 |         3.90 |
|  clk_in_IBUF_BUFG                                                  | u_Kalman_Filter_0/U_KALMAN_CALCULATE_0/U_KALMAN_ITER_UNIT_0/U_KALMAN_FLOW_CTRL_0/roll_angle_t[31]_i_1_n_0                                                | u_Kalman_Filter_0/U_KALMAN_CALCULATE_0/U_KALMAN_ITER_UNIT_0/U_KALMAN_FLOW_CTRL_0/rst_n                                                                                                                                                                                                            |               40 |            160 |         4.00 |
|  clk_in_IBUF_BUFG                                                  | u_Kalman_Filter_0/U_KALMAN_CALCULATE_0/U_KALMAN_ITER_UNIT_0/U_KALMAN_FLOW_CTRL_0/E[0]                                                                    | u_Kalman_Filter_0/U_KALMAN_CALCULATE_0/U_KALMAN_ITER_UNIT_0/U_KALMAN_FLOW_CTRL_0/rst_n                                                                                                                                                                                                            |               24 |            160 |         6.67 |
|  clk_in_IBUF_BUFG                                                  | u_Kalman_Filter_0/U_KALMAN_CALCULATE_0/U_KALMAN_ITER_UNIT_0/U_KALMAN_UPDATE_0/angle                                                                      | u_Kalman_Filter_0/U_KALMAN_CALCULATE_0/U_KALMAN_ITER_UNIT_0/U_KALMAN_FLOW_CTRL_0/rst_n                                                                                                                                                                                                            |               48 |            192 |         4.00 |
|  clk_in_IBUF_BUFG                                                  | u_Kalman_Filter_0/U_KALMAN_CALCULATE_0/U_KALMAN_ITER_UNIT_0/U_KALMAN_FLOW_CTRL_0/angle_t_1[31]_i_1_n_0                                                   | u_Kalman_Filter_0/U_KALMAN_CALCULATE_0/U_KALMAN_ITER_UNIT_0/U_KALMAN_FLOW_CTRL_0/rst_n                                                                                                                                                                                                            |               45 |            192 |         4.27 |
|  clk_in_IBUF_BUFG                                                  |                                                                                                                                                          | u_Kalman_Filter_0/U_KALMAN_CALCULATE_0/U_KALMAN_ITER_UNIT_0/U_KALMAN_FLOW_CTRL_0/rst_n                                                                                                                                                                                                            |               80 |            195 |         2.44 |
|  clk_in_IBUF_BUFG                                                  | u_Kalman_Filter_0/U_KALMAN_CALCULATE_0/U_KALMAN_ITER_UNIT_0/U_KALMAN_UPDATE_0/divident_0                                                                 | u_Kalman_Filter_0/U_KALMAN_CALCULATE_0/U_KALMAN_ITER_UNIT_0/U_KALMAN_FLOW_CTRL_0/rst_n                                                                                                                                                                                                            |               75 |            250 |         3.33 |
|  clk_in_IBUF_BUFG                                                  |                                                                                                                                                          | u_Kalman_Filter_0/U_KALMAN_CALCULATE_0/u_div_gen_0/U0/i_synth/i_has_aresetn.i_reg_reset/first_q                                                                                                                                                                                                   |              219 |            946 |         4.32 |
|  clk_in_IBUF_BUFG                                                  |                                                                                                                                                          | u_Kalman_Filter_0/U_KALMAN_CALCULATE_0/u_div_gen_1/U0/i_synth/i_has_aresetn.i_reg_reset/first_q                                                                                                                                                                                                   |              194 |            946 |         4.88 |
|  clk_in_IBUF_BUFG                                                  |                                                                                                                                                          | u_Kalman_Filter_0/U_KALMAN_CALCULATE_0/U_KALMAN_ITER_UNIT_0/U_KALMAN_UPDATE_0/u_div_gen_3/U0/i_synth/i_has_aresetn.i_reg_reset/first_q                                                                                                                                                            |              221 |            983 |         4.45 |
|  clk_in_IBUF_BUFG                                                  |                                                                                                                                                          | u_Kalman_Filter_0/U_KALMAN_CALCULATE_0/U_KALMAN_ITER_UNIT_0/U_KALMAN_UPDATE_0/u_div_gen_2/U0/i_synth/i_has_aresetn.i_reg_reset/first_q                                                                                                                                                            |              225 |           1003 |         4.46 |
|  clk_in_IBUF_BUFG                                                  |                                                                                                                                                          |                                                                                                                                                                                                                                                                                                   |              592 |           2663 |         4.50 |
+--------------------------------------------------------------------+----------------------------------------------------------------------------------------------------------------------------------------------------------+---------------------------------------------------------------------------------------------------------------------------------------------------------------------------------------------------------------------------------------------------------------------------------------------------+------------------+----------------+--------------+


